// Jest Snapshot v1, https://goo.gl/fbAQLP

exports[`svgo should be possible to disable id prefixing 1`] = `"<svg width=\\"88\\" height=\\"88\\" viewBox=\\"0 0 88 88\\" xmlns=\\"http://www.w3.org/2000/svg\\"><g id=\\"Blocks\\" stroke=\\"none\\" stroke-width=\\"1\\" fill=\\"none\\" fill-rule=\\"evenodd\\" stroke-linecap=\\"square\\"><g id=\\"Dismiss\\" stroke=\\"#063855\\" stroke-width=\\"2\\"><path d=\\"M51 37L37 51\\" id=\\"Shape\\"/><path d=\\"M51 51L37 37\\"/><style></style></g></g></svg>"`;

exports[`svgo should not load runtime configuration with \`runtimeConfig: false\` 1`] = `"<svg width=\\"88\\" height=\\"88\\" xmlns=\\"http://www.w3.org/2000/svg\\"><g id=\\"svgo__Blocks\\" stroke=\\"none\\" stroke-width=\\"1\\" fill=\\"none\\" fill-rule=\\"evenodd\\" stroke-linecap=\\"square\\"><g id=\\"svgo__Dismiss\\" stroke=\\"#063855\\" stroke-width=\\"2\\"><path d=\\"M51 37L37 51\\" id=\\"svgo__Shape\\"/><path d=\\"M51 51L37 37\\"/><style></style></g></g></svg>"`;

exports[`svgo should not remove viewBox with icon option 1`] = `"<svg width=\\"88\\" height=\\"88\\" viewBox=\\"0 0 88 88\\" xmlns=\\"http://www.w3.org/2000/svg\\"><g id=\\"svgo__Blocks\\" stroke=\\"none\\" stroke-width=\\"1\\" fill=\\"none\\" fill-rule=\\"evenodd\\" stroke-linecap=\\"square\\"><g id=\\"svgo__Dismiss\\" stroke=\\"#063855\\" stroke-width=\\"2\\"><path d=\\"M51 37L37 51\\" id=\\"svgo__Shape\\"/><path d=\\"M51 51L37 37\\"/><style></style></g></g></svg>"`;

exports[`svgo should not remove viewBox with when dimensions is false 1`] = `"<svg width=\\"88\\" height=\\"88\\" viewBox=\\"0 0 88 88\\" xmlns=\\"http://www.w3.org/2000/svg\\"><g id=\\"svgo__Blocks\\" stroke=\\"none\\" stroke-width=\\"1\\" fill=\\"none\\" fill-rule=\\"evenodd\\" stroke-linecap=\\"square\\"><g id=\\"svgo__Dismiss\\" stroke=\\"#063855\\" stroke-width=\\"2\\"><path d=\\"M51 37L37 51\\" id=\\"svgo__Shape\\"/><path d=\\"M51 51L37 37\\"/><style></style></g></g></svg>"`;

exports[`svgo should optimize svg 1`] = `"<svg width=\\"88\\" height=\\"88\\" xmlns=\\"http://www.w3.org/2000/svg\\"><g id=\\"prefix__Blocks\\" stroke=\\"none\\" stroke-width=\\"1\\" fill=\\"none\\" fill-rule=\\"evenodd\\" stroke-linecap=\\"square\\"><g id=\\"prefix__Dismiss\\" stroke=\\"#063855\\" stroke-width=\\"2\\"><path d=\\"M51 37L37 51\\" id=\\"prefix__Shape\\"/><path d=\\"M51 51L37 37\\"/><style></style></g></g></svg>"`;

exports[`svgo should support config.svgoConfig 1`] = `"<svg width=\\"88\\" height=\\"88\\" xmlns=\\"http://www.w3.org/2000/svg\\"><desc>Created with Sketch.</desc><g id=\\"prefix__Blocks\\" stroke=\\"none\\" stroke-width=\\"1\\" fill=\\"none\\" fill-rule=\\"evenodd\\" stroke-linecap=\\"square\\"><g id=\\"prefix__Dismiss\\" stroke=\\"#063855\\" stroke-width=\\"2\\"><path d=\\"M51 37L37 51\\" id=\\"prefix__Shape\\"/><path d=\\"M51 51L37 37\\"/><style></style></g></g></svg>"`;

exports[`svgo should support icon with config.svgoConfig plugins 1`] = `"<svg width=\\"88\\" height=\\"88\\" viewBox=\\"0 0 88 88\\" xmlns=\\"http://www.w3.org/2000/svg\\"><desc>Created with Sketch.</desc><g id=\\"prefix__Blocks\\" stroke=\\"none\\" stroke-width=\\"1\\" fill=\\"none\\" fill-rule=\\"evenodd\\" stroke-linecap=\\"square\\"><g id=\\"prefix__Dismiss\\" stroke=\\"#063855\\" stroke-width=\\"2\\"><path d=\\"M51 37L37 51\\" id=\\"prefix__Shape\\"/><path d=\\"M51 51L37 37\\"/><style></style></g></g></svg>"`;

exports[`svgo should use state.filePath to detect configuration 1`] = `"<svg width=\\"88\\" height=\\"88\\" xmlns=\\"http://www.w3.org/2000/svg\\"><g id=\\"svgo__Blocks\\" stroke=\\"none\\" stroke-width=\\"1\\" fill=\\"none\\" fill-rule=\\"evenodd\\" stroke-linecap=\\"square\\"><g id=\\"svgo__Dismiss\\" stroke=\\"#063855\\" stroke-width=\\"2\\"><path d=\\"M51 37L37 51\\" id=\\"svgo__Shape\\"/><path d=\\"M51 51L37 37\\"/><style></style></g></g></svg>"`;
